Running Gradle task 'assembleRelease'...                        
Error detected in pubspec.yaml:
flutter : No file or 
variants found for 
asset: assets/sounds/n
otification_sound.mp3.
At line:1 char:1
+ flutter build apk 
2>&1 > 
build_output.txt; 
Get-Content 
build_output.t ...
+ ~~~~~~~~~~~~~~~~~~~~
~~~~~~~~~~~~~~~~~~~~~
    + CategoryInfo    
          : NotSpeci  
  fied: (No file or   
  vari...tion_soun    
d.mp3.:String) []    
, RemoteException
    + FullyQualifiedE 
   rrorId : NativeCo  
  mmandError
 

Target aot_android_ass
et_bundle failed: 
Exception: Failed to 
bundle asset files.


FAILURE: Build failed 
with an exception.

* What went wrong:
Execution failed for 
task ':app:compileFlut
terBuildRelease'.
> Process 'command 'D:
\flutter\bin\flutter.b
at'' finished with 
non-zero exit value 1

* Try:
> Run with 
--stacktrace option 
to get the stack 
trace.
> Run with --info or 
--debug option to get 
more log output.
> Run with --scan to 
get full insights.
> Get more help at htt
ps://help.gradle.org.

BUILD FAILED in 55s
Running Gradle task 'assembleRelease'...                           56.7s
Gradle task 
assembleRelease 
failed with exit code 
1
